// Jest Snapshot v1, https://goo.gl/fbAQLP

exports[`Hud matches snapshot 1`] = `
<_default
  userIsCurrentPlayer={true}
>
  <styled.div>
    <StyledComponent
      forwardedComponent={
        Object {
          "$$typeof": Symbol(react.forward_ref),
          "attrs": Array [],
          "componentStyle": ComponentStyle {
            "componentId": "sc-bdVaJa",
            "isStatic": false,
            "lastClassName": "hLJrHI",
            "rules": Array [
              "
  height: 20%;
	width: 100%;
	color: white;
	font-size: 2rem;
	display: flex;
	align-items: center;
	flex-direction: column;
	justify-content: space-around;
",
            ],
          },
          "displayName": "styled.div",
          "foldedComponentIds": Array [],
          "render": [Function],
          "styledComponentId": "sc-bdVaJa",
          "target": "div",
          "toString": [Function],
          "usesTheme": false,
          "warnTooManyClasses": [Function],
          "withComponent": [Function],
        }
      }
      forwardedRef={null}
    >
      <div
        className="sc-bdVaJa hLJrHI"
      >
        <styled.button
          onClick={[Function]}
        >
          <StyledComponent
            forwardedComponent={
              Object {
                "$$typeof": Symbol(react.forward_ref),
                "attrs": Array [],
                "componentStyle": ComponentStyle {
                  "componentId": "sc-bwzfXH",
                  "isStatic": false,
                  "lastClassName": "kcoHmH",
                  "rules": Array [
                    "
	height: 4rem;
	width: 8rem;
	color: white;
	background: none;
	font-weight: bold;
	cursor: pointer;
	text-transform: uppercase;
",
                  ],
                },
                "displayName": "styled.button",
                "foldedComponentIds": Array [],
                "render": [Function],
                "styledComponentId": "sc-bwzfXH",
                "target": "button",
                "toString": [Function],
                "usesTheme": false,
                "warnTooManyClasses": [Function],
                "withComponent": [Function],
              }
            }
            forwardedRef={null}
            onClick={[Function]}
          >
            <button
              className="sc-bwzfXH kcoHmH"
              onClick={[Function]}
            >
              Finish Turn
            </button>
          </StyledComponent>
        </styled.button>
        <p>
          Player: 
        </p>
        User
      </div>
    </StyledComponent>
  </styled.div>
</_default>
`;
