// Jest Snapshot v1, https://goo.gl/fbAQLP

exports[`Match matches snapshot 1`] = `
<_default
  matchNumber={1}
  onClick={[Function]}
  visible={true}
>
  <styled.div
    onClick={[Function]}
  >
    <StyledComponent
      forwardedComponent={
        Object {
          "$$typeof": Symbol(react.forward_ref),
          "attrs": Array [],
          "componentStyle": ComponentStyle {
            "componentId": "sc-bdVaJa",
            "isStatic": false,
            "lastClassName": "bUhCHZ",
            "rules": Array [
              "
	height: 8rem;
	width: 4rem;
	cursor: pointer;
  display: flex;
  flex-direction: column;
  justify-content: center;
  align-items: center;
  background: linear-gradient(180deg, rgba(0,0,0,0) 0%, rgba(255,255,255,0.1) 100%);
  border-radius: 3rem;

  @media (min-width: 900px) {
    &:hover {
      background: linear-gradient(180deg, rgba(0,0,0,0) 0%, rgba(255,255,255,0.3) 100%);
    }
  }
  
  @media (max-width: 600px) {
    height: 90%;
  }
",
            ],
          },
          "displayName": "styled.div",
          "foldedComponentIds": Array [],
          "render": [Function],
          "styledComponentId": "sc-bdVaJa",
          "target": "div",
          "toString": [Function],
          "usesTheme": false,
          "warnTooManyClasses": [Function],
          "withComponent": [Function],
        }
      }
      forwardedRef={null}
      onClick={[Function]}
    >
      <div
        className="sc-bdVaJa bUhCHZ"
        onClick={[Function]}
      >
        <styled.div
          visible={true}
        >
          <StyledComponent
            forwardedComponent={
              Object {
                "$$typeof": Symbol(react.forward_ref),
                "attrs": Array [],
                "componentStyle": ComponentStyle {
                  "componentId": "sc-htpNat",
                  "isStatic": false,
                  "lastClassName": "cLAQHZ",
                  "rules": Array [
                    "
  height: 1.4rem;
  width: 1rem;
  border-radius: 40%;
  background: rgb(89,21,12);
  background: linear-gradient(126deg, rgba(89,21,12,1) 0%, rgba(238,141,101,1) 0%, rgba(193,104,66,1) 37%, rgba(213,49,28,1) 39%, rgba(71,19,12,1) 100%);
  opacity: ",
                    [Function],
                    ";
",
                  ],
                },
                "displayName": "styled.div",
                "foldedComponentIds": Array [],
                "render": [Function],
                "styledComponentId": "sc-htpNat",
                "target": "div",
                "toString": [Function],
                "usesTheme": false,
                "warnTooManyClasses": [Function],
                "withComponent": [Function],
              }
            }
            forwardedRef={null}
            visible={true}
          >
            <div
              className="sc-htpNat cLAQHZ"
            />
          </StyledComponent>
        </styled.div>
        <styled.div
          visible={true}
        >
          <StyledComponent
            forwardedComponent={
              Object {
                "$$typeof": Symbol(react.forward_ref),
                "attrs": Array [],
                "componentStyle": ComponentStyle {
                  "componentId": "sc-bwzfXH",
                  "isStatic": false,
                  "lastClassName": "iUthcb",
                  "rules": Array [
                    "
	height: 5rem;
	width: 0.6rem;
	background: rgb(224,175,76);
  background: linear-gradient(270deg, rgba(224,175,76,1) 0%, rgba(224,175,76,1) 50%, rgba(230,186,102,1) 50%, rgba(237,201,136,1) 100%);
  cursor: pointer;
  opacity: ",
                    [Function],
                    ";
",
                  ],
                },
                "displayName": "styled.div",
                "foldedComponentIds": Array [],
                "render": [Function],
                "styledComponentId": "sc-bwzfXH",
                "target": "div",
                "toString": [Function],
                "usesTheme": false,
                "warnTooManyClasses": [Function],
                "withComponent": [Function],
              }
            }
            forwardedRef={null}
            visible={true}
          >
            <div
              className="sc-bwzfXH iUthcb"
            />
          </StyledComponent>
        </styled.div>
      </div>
    </StyledComponent>
  </styled.div>
</_default>
`;
